                      :-) GROMACS - gmx mdrun, 2019.6 (-:

                            GROMACS is written by:
     Emile Apol      Rossen Apostolov      Paul Bauer     Herman J.C. Berendsen
    Par Bjelkmar      Christian Blau   Viacheslav Bolnykh     Kevin Boyd    
 Aldert van Buuren   Rudi van Drunen     Anton Feenstra       Alan Gray     
  Gerrit Groenhof     Anca Hamuraru    Vincent Hindriksen  M. Eric Irrgang  
  Aleksei Iupinov   Christoph Junghans     Joe Jordan     Dimitrios Karkoulis
    Peter Kasson        Jiri Kraus      Carsten Kutzner      Per Larsson    
  Justin A. Lemkul    Viveca Lindahl    Magnus Lundborg     Erik Marklund   
    Pascal Merz     Pieter Meulenhoff    Teemu Murtola       Szilard Pall   
    Sander Pronk      Roland Schulz      Michael Shirts    Alexey Shvetsov  
   Alfons Sijbers     Peter Tieleman      Jon Vincent      Teemu Virolainen 
 Christian Wennberg    Maarten Wolf   
                           and the project leaders:
        Mark Abraham, Berk Hess, Erik Lindahl, and David van der Spoel

Copyright (c) 1991-2000, University of Groningen, The Netherlands.
Copyright (c) 2001-2018, The GROMACS development team at
Uppsala University, Stockholm University and
the Royal Institute of Technology, Sweden.
check out http://www.gromacs.org for more information.

GROMACS is free software; you can redistribute it and/or modify it
under the terms of the GNU Lesser General Public License
as published by the Free Software Foundation; either version 2.1
of the License, or (at your option) any later version.

GROMACS:      gmx mdrun, version 2019.6
Executable:   /usr/bin/gmx
Data prefix:  /usr
Working dir:  /scratch/aquas/project/modelsystem/asymmGeldomain/100LCGelphase_60LCifMixed/cg_eq
Process ID:   9745
Command line:
  gmx mdrun -ntmpi 2 -ntomp 8 -pin on -v -deffnm eq_303K_05 -x eq_303K_05.xtc -append -cpi eq_303K_05.cpt

GROMACS version:    2019.6
Precision:          single
Memory model:       64 bit
MPI library:        thread_mpi
OpenMP support:     enabled (GMX_OPENMP_MAX_THREADS = 64)
GPU support:        CUDA
SIMD instructions:  SSE2
FFT library:        fftw-3.3.9-sse2
RDTSCP usage:       disabled
TNG support:        enabled
Hwloc support:      hwloc-1.11.13
Tracing support:    disabled
C compiler:         /usr/bin/gcc-8.4.0 GNU 8.4.0
C compiler flags:    -msse2   -O2 -pipe -ggdb -march=nocona -mtune=nocona  
C++ compiler:       /usr/bin/g++-8.4.0 GNU 8.4.0
C++ compiler flags:  -msse2   -O2 -pipe -ggdb -march=nocona -mtune=nocona -std=c++11   
CUDA compiler:      /opt/cuda/bin/nvcc nvcc: NVIDIA (R) Cuda compiler driver;Copyright (c) 2005-2019 NVIDIA Corporation;Built on Wed_Oct_23_19:24:38_PDT_2019;Cuda compilation tools, release 10.2, V10.2.89
CUDA compiler flags:-gencode;arch=compute_30,code=sm_30;-gencode;arch=compute_35,code=sm_35;-gencode;arch=compute_37,code=sm_37;-gencode;arch=compute_50,code=sm_50;-gencode;arch=compute_52,code=sm_52;-gencode;arch=compute_60,code=sm_60;-gencode;arch=compute_61,code=sm_61;-gencode;arch=compute_70,code=sm_70;-gencode;arch=compute_75,code=compute_75;-use_fast_math;-D_FORCE_INLINES;; ;-msse2;-O2;-pipe;-ggdb;-march=nocona;-mtune=nocona;-std=c++11;
CUDA driver:        11.30
CUDA runtime:       10.20


Running on 1 node with total 16 cores, 32 logical cores, 2 compatible GPUs
Hardware detected:
  CPU info:
    Vendor: Intel
    Brand:  Intel(R) Xeon(R) CPU E5-2650 v2 @ 2.60GHz
    Family: 6   Model: 62   Stepping: 4
    Features: aes apic avx clfsh cmov cx8 cx16 f16c htt intel lahf mmx msr nonstop_tsc pcid pclmuldq pdcm pdpe1gb popcnt pse rdrnd rdtscp sse2 sse3 sse4.1 sse4.2 ssse3 tdt x2apic
  Hardware topology: Full, with devices
    Sockets, cores, and logical processors:
      Socket  0: [   0  16] [   1  17] [   2  18] [   3  19] [   4  20] [   5  21] [   6  22] [   7  23]
      Socket  1: [   8  24] [   9  25] [  10  26] [  11  27] [  12  28] [  13  29] [  14  30] [  15  31]
    Numa nodes:
      Node  0 (67514064896 bytes mem):   0  16   1  17   2  18   3  19   4  20   5  21   6  22   7  23
      Node  1 (67636838400 bytes mem):   8  24   9  25  10  26  11  27  12  28  13  29  14  30  15  31
      Latency:
               0     1
         0  1.00  2.10
         1  2.10  1.00
    Caches:
      L1: 32768 bytes, linesize 64 bytes, assoc. 8, shared 2 ways
      L2: 262144 bytes, linesize 64 bytes, assoc. 8, shared 2 ways
      L3: 20971520 bytes, linesize 64 bytes, assoc. 20, shared 16 ways
    PCI devices:
      0000:02:00.0  Id: 10de:1028  Class: 0x0302  Numa: 0
      0000:05:03.0  Id: 102b:0532  Class: 0x0300  Numa: 0
      0000:00:1f.2  Id: 8086:1d02  Class: 0x0106  Numa: 0
      0000:81:00.0  Id: 8086:1521  Class: 0x0200  Numa: 1
      0000:81:00.1  Id: 8086:1521  Class: 0x0200  Numa: 1
      0000:84:00.0  Id: 10de:1028  Class: 0x0302  Numa: 1
  GPU info:
    Number of GPUs detected: 2
    #0: NVIDIA NVIDIA Tesla K20m, compute cap.: 3.5, ECC: yes, stat: compatible
    #1: NVIDIA NVIDIA Tesla K20m, compute cap.: 3.5, ECC: yes, stat: compatible

Highest SIMD level requested by all nodes in run: AVX_256
SIMD instructions selected at compile time:       SSE2
This program was compiled for different hardware than you are running on,
which could influence performance.
The current CPU can measure timings more accurately than the code in
gmx mdrun was configured to use. This might affect your simulation
speed as accurate timings are needed for load-balancing.
Please consider rebuilding gmx mdrun with the GMX_USE_RDTSCP=ON CMake option.

++++ PLEASE READ AND CITE THE FOLLOWING REFERENCE ++++
M. J. Abraham, T. Murtola, R. Schulz, S. Páll, J. C. Smith, B. Hess, E.
Lindahl
GROMACS: High performance molecular simulations through multi-level
parallelism from laptops to supercomputers
SoftwareX 1 (2015) pp. 19-25
-------- -------- --- Thank You --- -------- --------


++++ PLEASE READ AND CITE THE FOLLOWING REFERENCE ++++
S. Páll, M. J. Abraham, C. Kutzner, B. Hess, E. Lindahl
Tackling Exascale Software Challenges in Molecular Dynamics Simulations with
GROMACS
In S. Markidis & E. Laure (Eds.), Solving Software Challenges for Exascale 8759 (2015) pp. 3-27
-------- -------- --- Thank You --- -------- --------


++++ PLEASE READ AND CITE THE FOLLOWING REFERENCE ++++
S. Pronk, S. Páll, R. Schulz, P. Larsson, P. Bjelkmar, R. Apostolov, M. R.
Shirts, J. C. Smith, P. M. Kasson, D. van der Spoel, B. Hess, and E. Lindahl
GROMACS 4.5: a high-throughput and highly parallel open source molecular
simulation toolkit
Bioinformatics 29 (2013) pp. 845-54
-------- -------- --- Thank You --- -------- --------


++++ PLEASE READ AND CITE THE FOLLOWING REFERENCE ++++
B. Hess and C. Kutzner and D. van der Spoel and E. Lindahl
GROMACS 4: Algorithms for highly efficient, load-balanced, and scalable
molecular simulation
J. Chem. Theory Comput. 4 (2008) pp. 435-447
-------- -------- --- Thank You --- -------- --------


++++ PLEASE READ AND CITE THE FOLLOWING REFERENCE ++++
D. van der Spoel, E. Lindahl, B. Hess, G. Groenhof, A. E. Mark and H. J. C.
Berendsen
GROMACS: Fast, Flexible and Free
J. Comp. Chem. 26 (2005) pp. 1701-1719
-------- -------- --- Thank You --- -------- --------


++++ PLEASE READ AND CITE THE FOLLOWING REFERENCE ++++
E. Lindahl and B. Hess and D. van der Spoel
GROMACS 3.0: A package for molecular simulation and trajectory analysis
J. Mol. Mod. 7 (2001) pp. 306-317
-------- -------- --- Thank You --- -------- --------


++++ PLEASE READ AND CITE THE FOLLOWING REFERENCE ++++
H. J. C. Berendsen, D. van der Spoel and R. van Drunen
GROMACS: A message-passing parallel molecular dynamics implementation
Comp. Phys. Comm. 91 (1995) pp. 43-56
-------- -------- --- Thank You --- -------- --------


++++ PLEASE CITE THE DOI FOR THIS VERSION OF GROMACS ++++
https://doi.org/10.5281/zenodo.3685922
-------- -------- --- Thank You --- -------- --------

Input Parameters:
   integrator                     = md
   tinit                          = 0
   dt                             = 0.02
   nsteps                         = 50000
   init-step                      = 0
   simulation-part                = 1
   comm-mode                      = Linear
   nstcomm                        = 100
   bd-fric                        = 0
   ld-seed                        = -1647536636
   emtol                          = 10
   emstep                         = 0.01
   niter                          = 20
   fcstep                         = 0
   nstcgsteep                     = 1000
   nbfgscorr                      = 10
   rtpi                           = 0.05
   nstxout                        = 0
   nstvout                        = 0
   nstfout                        = 0
   nstlog                         = 1000
   nstcalcenergy                  = 100
   nstenergy                      = 1000
   nstxout-compressed             = 1000
   compressed-x-precision         = 100
   cutoff-scheme                  = Verlet
   nstlist                        = 20
   ns-type                        = Grid
   pbc                            = xyz
   periodic-molecules             = false
   verlet-buffer-tolerance        = 0.005
   rlist                          = 1.213
   coulombtype                    = Reaction-Field
   coulomb-modifier               = Potential-shift
   rcoulomb-switch                = 0
   rcoulomb                       = 1.1
   epsilon-r                      = 15
   epsilon-rf                     = inf
   vdw-type                       = Cut-off
   vdw-modifier                   = Potential-shift
   rvdw-switch                    = 0
   rvdw                           = 1.1
   DispCorr                       = No
   table-extension                = 1
   fourierspacing                 = 0.12
   fourier-nx                     = 0
   fourier-ny                     = 0
   fourier-nz                     = 0
   pme-order                      = 4
   ewald-rtol                     = 1e-05
   ewald-rtol-lj                  = 0.001
   lj-pme-comb-rule               = Geometric
   ewald-geometry                 = 0
   epsilon-surface                = 0
   tcoupl                         = V-rescale
   nsttcouple                     = 20
   nh-chain-length                = 0
   print-nose-hoover-chain-variables = false
   pcoupl                         = Berendsen
   pcoupltype                     = Semiisotropic
   nstpcouple                     = 20
   tau-p                          = 5
   compressibility (3x3):
      compressibility[    0]={ 3.00000e-04,  0.00000e+00,  0.00000e+00}
      compressibility[    1]={ 0.00000e+00,  3.00000e-04,  0.00000e+00}
      compressibility[    2]={ 0.00000e+00,  0.00000e+00,  3.00000e-04}
   ref-p (3x3):
      ref-p[    0]={ 1.00000e+00,  0.00000e+00,  0.00000e+00}
      ref-p[    1]={ 0.00000e+00,  1.00000e+00,  0.00000e+00}
      ref-p[    2]={ 0.00000e+00,  0.00000e+00,  1.00000e+00}
   refcoord-scaling               = All
   posres-com (3):
      posres-com[0]= 0.00000e+00
      posres-com[1]= 0.00000e+00
      posres-com[2]= 0.00000e+00
   posres-comB (3):
      posres-comB[0]= 0.00000e+00
      posres-comB[1]= 0.00000e+00
      posres-comB[2]= 0.00000e+00
   QMMM                           = false
   QMconstraints                  = 0
   QMMMscheme                     = 0
   MMChargeScaleFactor            = 1
qm-opts:
   ngQM                           = 0
   constraint-algorithm           = Lincs
   continuation                   = false
   Shake-SOR                      = false
   shake-tol                      = 0.0001
   lincs-order                    = 4
   lincs-iter                     = 1
   lincs-warnangle                = 30
   nwall                          = 0
   wall-type                      = 9-3
   wall-r-linpot                  = -1
   wall-atomtype[0]               = -1
   wall-atomtype[1]               = -1
   wall-density[0]                = 0
   wall-density[1]                = 0
   wall-ewald-zfac                = 3
   pull                           = false
   awh                            = false
   rotation                       = false
   interactiveMD                  = false
   disre                          = No
   disre-weighting                = Conservative
   disre-mixed                    = false
   dr-fc                          = 1000
   dr-tau                         = 0
   nstdisreout                    = 100
   orire-fc                       = 0
   orire-tau                      = 0
   nstorireout                    = 100
   free-energy                    = no
   cos-acceleration               = 0
   deform (3x3):
      deform[    0]={ 0.00000e+00,  0.00000e+00,  0.00000e+00}
      deform[    1]={ 0.00000e+00,  0.00000e+00,  0.00000e+00}
      deform[    2]={ 0.00000e+00,  0.00000e+00,  0.00000e+00}
   simulated-tempering            = false
   swapcoords                     = no
   userint1                       = 0
   userint2                       = 0
   userint3                       = 0
   userint4                       = 0
   userreal1                      = 0
   userreal2                      = 0
   userreal3                      = 0
   userreal4                      = 0
   applied-forces:
     electric-field:
       x:
         E0                       = 0
         omega                    = 0
         t0                       = 0
         sigma                    = 0
       y:
         E0                       = 0
         omega                    = 0
         t0                       = 0
         sigma                    = 0
       z:
         E0                       = 0
         omega                    = 0
         t0                       = 0
         sigma                    = 0
grpopts:
   nrdf:     42114.1      101293
   ref-t:         303         303
   tau-t:           1           1
annealing:          No          No
annealing-npoints:           0           0
   acc:	           0           0           0
   nfreeze:           N           N           N
   energygrp-flags[  0]: 0

Changing nstlist from 20 to 25, rlist from 1.213 to 1.261


Initializing Domain Decomposition on 2 ranks
Dynamic load balancing: locked
Minimum cell size due to atom displacement: 0.953 nm
Initial maximum distances in bonded interactions:
    two-body bonded interactions: 1.140 nm, Exclusion, atoms 9765 9771
  multi-body bonded interactions: 1.140 nm, Improper Dih., atoms 9765 9771
Minimum cell size due to bonded interactions: 1.253 nm
Maximum distance for 5 constraints, at 120 deg. angles, all-trans: 2.626 nm
Estimated maximum distance required for P-LINCS: 2.626 nm
This distance will limit the DD cell size, you can override this with -rcon
Scaling the initial minimum size with 1/0.8 (option -dds) = 1.25
Optimizing the DD grid for 2 cells with a minimum initial size of 3.282 nm
The maximum allowed number of cells is: X 5 Y 5 Z 5
Domain decomposition grid 2 x 1 x 1, separate PME ranks 0
Domain decomposition rank 0, coordinates 0 0 0

The initial number of communication pulses is: X 1
The initial domain decomposition cell size is: X 9.01 nm

The maximum allowed distance for atoms involved in interactions is:
                 non-bonded interactions           1.261 nm
(the following are initial values, they could change due to box deformation)
            two-body bonded interactions  (-rdd)   1.261 nm
          multi-body bonded interactions  (-rdd)   1.261 nm
              virtual site constructions  (-rcon)  9.008 nm
  atoms separated by up to 5 constraints  (-rcon)  9.008 nm

When dynamic load balancing gets turned on, these settings will change to:
The maximum number of communication pulses is: X 1
The minimum size for domain decomposition cells is 2.626 nm
The requested allowed shrink of DD cells (option -dds) is: 0.80
The allowed shrink of domain decomposition cells is: X 0.29
The maximum allowed distance for atoms involved in interactions is:
                 non-bonded interactions           1.261 nm
            two-body bonded interactions  (-rdd)   1.261 nm
          multi-body bonded interactions  (-rdd)   1.261 nm
              virtual site constructions  (-rcon)  2.626 nm
  atoms separated by up to 5 constraints  (-rcon)  2.626 nm

Using 2 MPI threads
Using 8 OpenMP threads per tMPI thread

On host kaa-19 2 GPUs selected for this run.
Mapping of GPU IDs to the 2 GPU tasks in the 2 ranks on this node:
  PP:0,PP:1
PP tasks will do (non-perturbed) short-ranged interactions on the GPU
Pinning threads with an auto-selected logical core stride of 2
System total charge: 0.000
Reaction-Field:
epsRF = 0, rc = 1.1, krf = 0.375657, crf = 1.36364, epsfac = 9.26236
The electrostatics potential has its minimum at r = 1.1
Potential shift: LJ r^-12: -3.186e-01 r^-6: -5.645e-01

Using GPU 8x8 nonbonded short-range kernels

Using a dual 8x4 pair-list setup updated with dynamic, rolling pruning:
  outer list: updated every 25 steps, buffer 0.161 nm, rlist 1.261 nm
  inner list: updated every  4 steps, buffer 0.006 nm, rlist 1.106 nm
At tolerance 0.005 kJ/mol/ps per atom, equivalent classical 1x1 list would be:
  outer list: updated every 25 steps, buffer 0.268 nm, rlist 1.368 nm
  inner list: updated every  4 steps, buffer 0.027 nm, rlist 1.127 nm

Using full Lennard-Jones parameter combination matrix

Removing pbc first time

Initializing Parallel LINear Constraint Solver

++++ PLEASE READ AND CITE THE FOLLOWING REFERENCE ++++
B. Hess
P-LINCS: A Parallel Linear Constraint Solver for molecular simulation
J. Chem. Theory Comput. 4 (2008) pp. 116-122
-------- -------- --- Thank You --- -------- --------

The number of constraints is 3374
There are constraints between atoms in different decomposition domains,
will communicate selected coordinates each lincs iteration
3374 constraints are involved in constraint triangles,
will apply an additional matrix expansion of order 4 for couplings
between constraints inside triangles

Linking all bonded interactions to atoms
There are 975 inter charge-group virtual sites,
will an extra communication step for selected coordinates and forces


Intra-simulation communication will occur every 5 steps.
Center of mass motion removal mode is Linear
We have the following groups for center of mass motion removal:
  0:  rest

++++ PLEASE READ AND CITE THE FOLLOWING REFERENCE ++++
G. Bussi, D. Donadio and M. Parrinello
Canonical sampling through velocity rescaling
J. Chem. Phys. 126 (2007) pp. 014101
-------- -------- --- Thank You --- -------- --------

There are: 48928 Atoms
There are: 975 VSites
Atom distribution over 2 domains: av 24951 stddev 198 min 24832 max 25071

Constraining the starting coordinates (step 0)

Constraining the coordinates at t0-dt (step 0)
RMS relative constraint deviation after constraining: 3.51e-05
Initial temperature: 302.303 K

Started mdrun on rank 0 Tue Mar  4 11:26:16 2025

           Step           Time
              0        0.00000

   Energies (kJ/mol)
           Bond       G96Angle  Improper Dih.        LJ (SR)   Coulomb (SR)
    2.34418e+04    8.63094e+03    3.69048e+02   -1.25302e+06   -1.35356e+04
      Potential    Kinetic En.   Total Energy  Conserved En.    Temperature
   -1.23411e+06    1.80948e+05   -1.05316e+06   -1.05314e+06    3.03514e+02
 Pressure (bar)   Constr. rmsd
   -7.84573e+00    2.57809e-04


DD  step 24 load imb.: force  0.9%

DD  step 999 load imb.: force  0.4%
           Step           Time
           1000       20.00000

   Energies (kJ/mol)
           Bond       G96Angle  Improper Dih.        LJ (SR)   Coulomb (SR)
    2.28955e+04    8.61721e+03    3.87771e+02   -1.25489e+06   -1.34795e+04
      Potential    Kinetic En.   Total Energy  Conserved En.    Temperature
   -1.23647e+06    1.79702e+05   -1.05677e+06   -1.05932e+06    3.01425e+02
 Pressure (bar)   Constr. rmsd
    1.66402e+01    3.23783e-04


DD  step 1999 load imb.: force  0.8%
           Step           Time
           2000       40.00000

   Energies (kJ/mol)
           Bond       G96Angle  Improper Dih.        LJ (SR)   Coulomb (SR)
    2.30846e+04    8.64819e+03    3.99190e+02   -1.25220e+06   -1.35502e+04
      Potential    Kinetic En.   Total Energy  Conserved En.    Temperature
   -1.23361e+06    1.80860e+05   -1.05275e+06   -1.06543e+06    3.03368e+02
 Pressure (bar)   Constr. rmsd
    1.47050e+01    3.51972e-04


DD  step 2999 load imb.: force  0.5%
           Step           Time
           3000       60.00000

   Energies (kJ/mol)
           Bond       G96Angle  Improper Dih.        LJ (SR)   Coulomb (SR)
    2.34036e+04    8.45759e+03    3.94217e+02   -1.25144e+06   -1.34595e+04
      Potential    Kinetic En.   Total Energy  Conserved En.    Temperature
   -1.23265e+06    1.79979e+05   -1.05267e+06   -1.07157e+06    3.01888e+02
 Pressure (bar)   Constr. rmsd
    9.06177e+00    3.32228e-04


DD  step 3999 load imb.: force  1.2%
           Step           Time
           4000       80.00000

   Energies (kJ/mol)
           Bond       G96Angle  Improper Dih.        LJ (SR)   Coulomb (SR)
    2.31421e+04    8.65598e+03    4.19553e+02   -1.25466e+06   -1.35079e+04
      Potential    Kinetic En.   Total Energy  Conserved En.    Temperature
   -1.23596e+06    1.80512e+05   -1.05544e+06   -1.07759e+06    3.02782e+02
 Pressure (bar)   Constr. rmsd
    2.04137e+00    3.08055e-04


DD  step 4999 load imb.: force  1.2%
           Step           Time
           5000      100.00000

   Energies (kJ/mol)
           Bond       G96Angle  Improper Dih.        LJ (SR)   Coulomb (SR)
    2.30870e+04    8.33388e+03    4.48063e+02   -1.25416e+06   -1.34914e+04
      Potential    Kinetic En.   Total Energy  Conserved En.    Temperature
   -1.23578e+06    1.80014e+05   -1.05577e+06   -1.08374e+06    3.01948e+02
 Pressure (bar)   Constr. rmsd
    2.86131e+00    3.10544e-04


DD  step 5999 load imb.: force  1.2%
           Step           Time
           6000      120.00000

   Energies (kJ/mol)
           Bond       G96Angle  Improper Dih.        LJ (SR)   Coulomb (SR)
    2.31370e+04    8.39328e+03    3.84932e+02   -1.25297e+06   -1.35648e+04
      Potential    Kinetic En.   Total Energy  Conserved En.    Temperature
   -1.23462e+06    1.81120e+05   -1.05350e+06   -1.08986e+06    3.03803e+02
 Pressure (bar)   Constr. rmsd
    1.67777e+01    3.13992e-04


DD  step 6999 load imb.: force  1.0%
           Step           Time
           7000      140.00000

   Energies (kJ/mol)
           Bond       G96Angle  Improper Dih.        LJ (SR)   Coulomb (SR)
    2.30288e+04    8.33204e+03    3.60815e+02   -1.25035e+06   -1.36716e+04
      Potential    Kinetic En.   Total Energy  Conserved En.    Temperature
   -1.23230e+06    1.79854e+05   -1.05244e+06   -1.09592e+06    3.01679e+02
 Pressure (bar)   Constr. rmsd
    6.89465e+00    3.23071e-04


DD  step 7999 load imb.: force  1.5%
           Step           Time
           8000      160.00000

   Energies (kJ/mol)
           Bond       G96Angle  Improper Dih.        LJ (SR)   Coulomb (SR)
    2.28337e+04    8.42683e+03    4.14353e+02   -1.25127e+06   -1.35721e+04
      Potential    Kinetic En.   Total Energy  Conserved En.    Temperature
   -1.23317e+06    1.80479e+05   -1.05269e+06   -1.10202e+06    3.02727e+02
 Pressure (bar)   Constr. rmsd
    9.23693e+00    3.27939e-04


DD  step 8999 load imb.: force  1.0%
           Step           Time
           9000      180.00000

   Energies (kJ/mol)
           Bond       G96Angle  Improper Dih.        LJ (SR)   Coulomb (SR)
    2.27206e+04    8.24384e+03    3.26654e+02   -1.25226e+06   -1.34798e+04
      Potential    Kinetic En.   Total Energy  Conserved En.    Temperature
   -1.23445e+06    1.82032e+05   -1.05242e+06   -1.10802e+06    3.05333e+02
 Pressure (bar)   Constr. rmsd
   -7.89613e+00    3.10248e-04


DD  step 9999 load imb.: force  0.7%
           Step           Time
          10000      200.00000

   Energies (kJ/mol)
           Bond       G96Angle  Improper Dih.        LJ (SR)   Coulomb (SR)
    2.25340e+04    8.40857e+03    4.00987e+02   -1.25309e+06   -1.36093e+04
      Potential    Kinetic En.   Total Energy  Conserved En.    Temperature
   -1.23536e+06    1.80104e+05   -1.05525e+06   -1.11415e+06    3.02099e+02
 Pressure (bar)   Constr. rmsd
    1.76879e+01    3.24640e-04


DD  step 10999 load imb.: force  1.1%
           Step           Time
          11000      220.00000

   Energies (kJ/mol)
           Bond       G96Angle  Improper Dih.        LJ (SR)   Coulomb (SR)
    2.31846e+04    8.46444e+03    3.97948e+02   -1.25273e+06   -1.34670e+04
      Potential    Kinetic En.   Total Energy  Conserved En.    Temperature
   -1.23415e+06    1.79712e+05   -1.05444e+06   -1.12022e+06    3.01442e+02
 Pressure (bar)   Constr. rmsd
   -1.41650e+01    3.26625e-04


DD  step 11999 load imb.: force  0.8%
           Step           Time
          12000      240.00000

   Energies (kJ/mol)
           Bond       G96Angle  Improper Dih.        LJ (SR)   Coulomb (SR)
    2.29537e+04    8.47433e+03    3.65670e+02   -1.25499e+06   -1.35371e+04
      Potential    Kinetic En.   Total Energy  Conserved En.    Temperature
   -1.23673e+06    1.79474e+05   -1.05726e+06   -1.12633e+06    3.01042e+02
 Pressure (bar)   Constr. rmsd
   -1.67841e+01    3.31746e-04


DD  step 12999 load imb.: force  0.2%
           Step           Time
          13000      260.00000

   Energies (kJ/mol)
           Bond       G96Angle  Improper Dih.        LJ (SR)   Coulomb (SR)
    2.29442e+04    8.36935e+03    4.04028e+02   -1.25370e+06   -1.36091e+04
      Potential    Kinetic En.   Total Energy  Conserved En.    Temperature
   -1.23559e+06    1.80482e+05   -1.05511e+06   -1.13251e+06    3.02732e+02
 Pressure (bar)   Constr. rmsd
   -9.52244e-01    3.26463e-04


DD  step 13999 load imb.: force  1.2%
           Step           Time
          14000      280.00000

   Energies (kJ/mol)
           Bond       G96Angle  Improper Dih.        LJ (SR)   Coulomb (SR)
    2.35232e+04    8.54671e+03    4.27197e+02   -1.25114e+06   -1.35442e+04
      Potential    Kinetic En.   Total Energy  Conserved En.    Temperature
   -1.23219e+06    1.79406e+05   -1.05278e+06   -1.13858e+06    3.00928e+02
 Pressure (bar)   Constr. rmsd
   -2.04245e+01    3.20298e-04


DD  step 14999 load imb.: force  0.9%
           Step           Time
          15000      300.00000

   Energies (kJ/mol)
           Bond       G96Angle  Improper Dih.        LJ (SR)   Coulomb (SR)
    2.28999e+04    8.36161e+03    3.63629e+02   -1.25532e+06   -1.36667e+04
      Potential    Kinetic En.   Total Energy  Conserved En.    Temperature
   -1.23736e+06    1.79311e+05   -1.05805e+06   -1.14473e+06    3.00769e+02
 Pressure (bar)   Constr. rmsd
   -3.25087e+00    3.14717e-04


DD  step 15999 load imb.: force  1.1%
           Step           Time
          16000      320.00000

   Energies (kJ/mol)
           Bond       G96Angle  Improper Dih.        LJ (SR)   Coulomb (SR)
    2.29387e+04    8.49391e+03    3.76374e+02   -1.25351e+06   -1.37712e+04
      Potential    Kinetic En.   Total Energy  Conserved En.    Temperature
   -1.23547e+06    1.80294e+05   -1.05518e+06   -1.15092e+06    3.02417e+02
 Pressure (bar)   Constr. rmsd
   -2.79854e+00    3.37995e-04


DD  step 16999 load imb.: force  0.5%
           Step           Time
          17000      340.00000

   Energies (kJ/mol)
           Bond       G96Angle  Improper Dih.        LJ (SR)   Coulomb (SR)
    2.31630e+04    8.45663e+03    4.78508e+02   -1.25294e+06   -1.36678e+04
      Potential    Kinetic En.   Total Energy  Conserved En.    Temperature
   -1.23451e+06    1.79867e+05   -1.05464e+06   -1.15707e+06    3.01701e+02
 Pressure (bar)   Constr. rmsd
    5.68206e-01    3.17025e-04


DD  step 17999 load imb.: force  1.3%
           Step           Time
          18000      360.00000

   Energies (kJ/mol)
           Bond       G96Angle  Improper Dih.        LJ (SR)   Coulomb (SR)
    2.30708e+04    8.34846e+03    4.23387e+02   -1.25315e+06   -1.37132e+04
      Potential    Kinetic En.   Total Energy  Conserved En.    Temperature
   -1.23502e+06    1.80075e+05   -1.05494e+06   -1.16316e+06    3.02049e+02
 Pressure (bar)   Constr. rmsd
   -8.43110e-01    3.04192e-04


DD  step 18999 load imb.: force  0.8%
           Step           Time
          19000      380.00000

   Energies (kJ/mol)
           Bond       G96Angle  Improper Dih.        LJ (SR)   Coulomb (SR)
    2.27700e+04    8.62158e+03    3.73182e+02   -1.25373e+06   -1.38194e+04
      Potential    Kinetic En.   Total Energy  Conserved En.    Temperature
   -1.23578e+06    1.80853e+05   -1.05493e+06   -1.16922e+06    3.03355e+02
 Pressure (bar)   Constr. rmsd
   -5.56522e+00    3.25234e-04


DD  step 19999 load imb.: force  0.9%
           Step           Time
          20000      400.00000

   Energies (kJ/mol)
           Bond       G96Angle  Improper Dih.        LJ (SR)   Coulomb (SR)
    2.32013e+04    8.60757e+03    4.00736e+02   -1.25346e+06   -1.36262e+04
      Potential    Kinetic En.   Total Energy  Conserved En.    Temperature
   -1.23487e+06    1.81042e+05   -1.05383e+06   -1.17542e+06    3.03673e+02
 Pressure (bar)   Constr. rmsd
    4.09521e+00    3.24916e-04


DD  step 20999 load imb.: force  0.9%
           Step           Time
          21000      420.00000

   Energies (kJ/mol)
           Bond       G96Angle  Improper Dih.        LJ (SR)   Coulomb (SR)
    2.31031e+04    8.55173e+03    3.81098e+02   -1.25451e+06   -1.37659e+04
      Potential    Kinetic En.   Total Energy  Conserved En.    Temperature
   -1.23624e+06    1.80806e+05   -1.05543e+06   -1.18162e+06    3.03276e+02
 Pressure (bar)   Constr. rmsd
   -9.93622e-01    3.36949e-04


DD  step 21999 load imb.: force  0.8%
           Step           Time
          22000      440.00000

   Energies (kJ/mol)
           Bond       G96Angle  Improper Dih.        LJ (SR)   Coulomb (SR)
    2.28686e+04    8.78957e+03    3.69288e+02   -1.25243e+06   -1.36319e+04
      Potential    Kinetic En.   Total Energy  Conserved En.    Temperature
   -1.23404e+06    1.80419e+05   -1.05362e+06   -1.18779e+06    3.02626e+02
 Pressure (bar)   Constr. rmsd
   -1.31708e-01    3.26930e-04


DD  step 22999 load imb.: force  0.7%
           Step           Time
          23000      460.00000

   Energies (kJ/mol)
           Bond       G96Angle  Improper Dih.        LJ (SR)   Coulomb (SR)
    2.28052e+04    8.58185e+03    3.48204e+02   -1.25206e+06   -1.37880e+04
      Potential    Kinetic En.   Total Energy  Conserved En.    Temperature
   -1.23411e+06    1.80481e+05   -1.05363e+06   -1.19391e+06    3.02732e+02
 Pressure (bar)   Constr. rmsd
    3.74046e+00    3.12394e-04


DD  step 23999 load imb.: force  0.5%
           Step           Time
          24000      480.00000

   Energies (kJ/mol)
           Bond       G96Angle  Improper Dih.        LJ (SR)   Coulomb (SR)
    2.29379e+04    8.57204e+03    3.61051e+02   -1.25295e+06   -1.37127e+04
      Potential    Kinetic En.   Total Energy  Conserved En.    Temperature
   -1.23479e+06    1.79636e+05   -1.05515e+06   -1.20000e+06    3.01314e+02
 Pressure (bar)   Constr. rmsd
    1.85010e+00    3.23173e-04


DD  step 24999 load imb.: force  1.1%
           Step           Time
          25000      500.00000

   Energies (kJ/mol)
           Bond       G96Angle  Improper Dih.        LJ (SR)   Coulomb (SR)
    2.28900e+04    8.61987e+03    4.48932e+02   -1.25525e+06   -1.37071e+04
      Potential    Kinetic En.   Total Energy  Conserved En.    Temperature
   -1.23700e+06    1.78519e+05   -1.05848e+06   -1.20612e+06    2.99440e+02
 Pressure (bar)   Constr. rmsd
   -2.04901e+01    3.13669e-04


DD  step 25999 load imb.: force  0.6%
           Step           Time
          26000      520.00000

   Energies (kJ/mol)
           Bond       G96Angle  Improper Dih.        LJ (SR)   Coulomb (SR)
    2.30543e+04    8.54988e+03    3.77518e+02   -1.25419e+06   -1.36514e+04
      Potential    Kinetic En.   Total Energy  Conserved En.    Temperature
   -1.23586e+06    1.80994e+05   -1.05486e+06   -1.21231e+06    3.03591e+02
 Pressure (bar)   Constr. rmsd
    8.42065e+00    3.18779e-04


DD  step 26999 load imb.: force  1.0%
           Step           Time
          27000      540.00000

   Energies (kJ/mol)
           Bond       G96Angle  Improper Dih.        LJ (SR)   Coulomb (SR)
    2.28937e+04    8.36974e+03    3.99102e+02   -1.25397e+06   -1.37379e+04
      Potential    Kinetic En.   Total Energy  Conserved En.    Temperature
   -1.23604e+06    1.81070e+05   -1.05497e+06   -1.21831e+06    3.03718e+02
 Pressure (bar)   Constr. rmsd
   -1.44812e+01    3.05952e-04


DD  step 27999 load imb.: force  0.8%
           Step           Time
          28000      560.00000

   Energies (kJ/mol)
           Bond       G96Angle  Improper Dih.        LJ (SR)   Coulomb (SR)
    2.29168e+04    8.67938e+03    3.83174e+02   -1.25397e+06   -1.37968e+04
      Potential    Kinetic En.   Total Energy  Conserved En.    Temperature
   -1.23579e+06    1.80329e+05   -1.05546e+06   -1.22446e+06    3.02477e+02
 Pressure (bar)   Constr. rmsd
   -5.54185e-01    3.21402e-04


DD  step 28999 load imb.: force  0.7%
           Step           Time
          29000      580.00000

   Energies (kJ/mol)
           Bond       G96Angle  Improper Dih.        LJ (SR)   Coulomb (SR)
    2.26600e+04    8.41971e+03    3.90746e+02   -1.25372e+06   -1.36851e+04
      Potential    Kinetic En.   Total Energy  Conserved En.    Temperature
   -1.23593e+06    1.80739e+05   -1.05519e+06   -1.23055e+06    3.03165e+02
 Pressure (bar)   Constr. rmsd
   -8.16500e-01    3.26010e-04


DD  step 29999 load imb.: force  1.1%
           Step           Time
          30000      600.00000

   Energies (kJ/mol)
           Bond       G96Angle  Improper Dih.        LJ (SR)   Coulomb (SR)
    2.30467e+04    8.37645e+03    3.71551e+02   -1.25264e+06   -1.37700e+04
      Potential    Kinetic En.   Total Energy  Conserved En.    Temperature
   -1.23462e+06    1.80977e+05   -1.05364e+06   -1.23677e+06    3.03563e+02
 Pressure (bar)   Constr. rmsd
   -5.03067e+00    2.99709e-04


DD  step 30999 load imb.: force  1.1%
           Step           Time
          31000      620.00000

   Energies (kJ/mol)
           Bond       G96Angle  Improper Dih.        LJ (SR)   Coulomb (SR)
    2.25736e+04    8.51396e+03    4.21358e+02   -1.25532e+06   -1.38471e+04
      Potential    Kinetic En.   Total Energy  Conserved En.    Temperature
   -1.23765e+06    1.80353e+05   -1.05730e+06   -1.24291e+06    3.02516e+02
 Pressure (bar)   Constr. rmsd
    5.50048e+00    3.22091e-04


DD  step 31999 load imb.: force  1.0%
           Step           Time
          32000      640.00000

   Energies (kJ/mol)
           Bond       G96Angle  Improper Dih.        LJ (SR)   Coulomb (SR)
    2.31023e+04    8.50407e+03    3.79337e+02   -1.25199e+06   -1.36728e+04
      Potential    Kinetic En.   Total Energy  Conserved En.    Temperature
   -1.23368e+06    1.80568e+05   -1.05311e+06   -1.24904e+06    3.02876e+02
 Pressure (bar)   Constr. rmsd
    7.56785e+00    3.31245e-04


DD  step 32999 load imb.: force  1.0%
           Step           Time
          33000      660.00000

   Energies (kJ/mol)
           Bond       G96Angle  Improper Dih.        LJ (SR)   Coulomb (SR)
    2.33404e+04    8.53576e+03    3.69744e+02   -1.25234e+06   -1.37343e+04
      Potential    Kinetic En.   Total Energy  Conserved En.    Temperature
   -1.23383e+06    1.79780e+05   -1.05405e+06   -1.25523e+06    3.01555e+02
 Pressure (bar)   Constr. rmsd
    1.19076e+01    3.17683e-04


DD  step 33999 load imb.: force  0.1%
           Step           Time
          34000      680.00000

   Energies (kJ/mol)
           Bond       G96Angle  Improper Dih.        LJ (SR)   Coulomb (SR)
    2.29954e+04    8.60580e+03    4.55348e+02   -1.25317e+06   -1.39253e+04
      Potential    Kinetic En.   Total Energy  Conserved En.    Temperature
   -1.23504e+06    1.81139e+05   -1.05390e+06   -1.26134e+06    3.03834e+02
 Pressure (bar)   Constr. rmsd
   -7.90743e+00    3.23034e-04


DD  step 34999 load imb.: force  0.9%
           Step           Time
          35000      700.00000

   Energies (kJ/mol)
           Bond       G96Angle  Improper Dih.        LJ (SR)   Coulomb (SR)
    2.28600e+04    8.48253e+03    3.83303e+02   -1.25374e+06   -1.38564e+04
      Potential    Kinetic En.   Total Energy  Conserved En.    Temperature
   -1.23587e+06    1.80464e+05   -1.05541e+06   -1.26760e+06    3.02702e+02
 Pressure (bar)   Constr. rmsd
    1.56257e+01    3.26915e-04


DD  step 35999 load imb.: force  0.7%
           Step           Time
          36000      720.00000

   Energies (kJ/mol)
           Bond       G96Angle  Improper Dih.        LJ (SR)   Coulomb (SR)
    2.29687e+04    8.59146e+03    3.88641e+02   -1.25419e+06   -1.39028e+04
      Potential    Kinetic En.   Total Energy  Conserved En.    Temperature
   -1.23614e+06    1.79831e+05   -1.05631e+06   -1.27365e+06    3.01641e+02
 Pressure (bar)   Constr. rmsd
   -5.13932e+00    3.02140e-04


DD  step 36999 load imb.: force  0.3%
           Step           Time
          37000      740.00000

   Energies (kJ/mol)
           Bond       G96Angle  Improper Dih.        LJ (SR)   Coulomb (SR)
    2.30243e+04    8.42871e+03    4.10363e+02   -1.25230e+06   -1.38921e+04
      Potential    Kinetic En.   Total Energy  Conserved En.    Temperature
   -1.23433e+06    1.80623e+05   -1.05370e+06   -1.27978e+06    3.02970e+02
 Pressure (bar)   Constr. rmsd
    5.29084e+00    3.30350e-04


DD  step 37999 load imb.: force  1.1%
           Step           Time
          38000      760.00000

   Energies (kJ/mol)
           Bond       G96Angle  Improper Dih.        LJ (SR)   Coulomb (SR)
    2.26753e+04    8.44799e+03    3.47914e+02   -1.25395e+06   -1.39924e+04
      Potential    Kinetic En.   Total Energy  Conserved En.    Temperature
   -1.23648e+06    1.79822e+05   -1.05665e+06   -1.28594e+06    3.01626e+02
 Pressure (bar)   Constr. rmsd
    9.19471e-01    3.09017e-04


DD  step 38999 load imb.: force  0.7%
           Step           Time
          39000      780.00000

   Energies (kJ/mol)
           Bond       G96Angle  Improper Dih.        LJ (SR)   Coulomb (SR)
    2.30698e+04    8.53798e+03    3.54843e+02   -1.25504e+06   -1.38619e+04
      Potential    Kinetic En.   Total Energy  Conserved En.    Temperature
   -1.23694e+06    1.80774e+05   -1.05616e+06   -1.29199e+06    3.03223e+02
 Pressure (bar)   Constr. rmsd
   -1.98128e+01    3.22055e-04


DD  step 39999 load imb.: force  0.9%
           Step           Time
          40000      800.00000

   Energies (kJ/mol)
           Bond       G96Angle  Improper Dih.        LJ (SR)   Coulomb (SR)
    2.23507e+04    8.40125e+03    4.01895e+02   -1.25100e+06   -1.39110e+04
      Potential    Kinetic En.   Total Energy  Conserved En.    Temperature
   -1.23375e+06    1.80809e+05   -1.05294e+06   -1.29816e+06    3.03281e+02
 Pressure (bar)   Constr. rmsd
    1.05831e+01    3.24621e-04


DD  step 40999 load imb.: force  0.4%
           Step           Time
          41000      820.00000

   Energies (kJ/mol)
           Bond       G96Angle  Improper Dih.        LJ (SR)   Coulomb (SR)
    2.29987e+04    8.44622e+03    3.60159e+02   -1.25459e+06   -1.37520e+04
      Potential    Kinetic En.   Total Energy  Conserved En.    Temperature
   -1.23654e+06    1.80559e+05   -1.05598e+06   -1.30420e+06    3.02861e+02
 Pressure (bar)   Constr. rmsd
   -1.35239e+01    3.14570e-04


DD  step 41999 load imb.: force  0.3%
           Step           Time
          42000      840.00000

   Energies (kJ/mol)
           Bond       G96Angle  Improper Dih.        LJ (SR)   Coulomb (SR)
    2.29719e+04    8.39366e+03    3.97957e+02   -1.25345e+06   -1.37722e+04
      Potential    Kinetic En.   Total Energy  Conserved En.    Temperature
   -1.23546e+06    1.80664e+05   -1.05479e+06   -1.31044e+06    3.03038e+02
 Pressure (bar)   Constr. rmsd
    2.66461e+01    3.16443e-04


DD  step 42999 load imb.: force  1.1%
           Step           Time
          43000      860.00000

   Energies (kJ/mol)
           Bond       G96Angle  Improper Dih.        LJ (SR)   Coulomb (SR)
    2.27698e+04    8.37612e+03    4.08220e+02   -1.25478e+06   -1.37478e+04
      Potential    Kinetic En.   Total Energy  Conserved En.    Temperature
   -1.23697e+06    1.80150e+05   -1.05682e+06   -1.31658e+06    3.02175e+02
 Pressure (bar)   Constr. rmsd
    2.37099e-01    3.45170e-04


DD  step 43999 load imb.: force  1.1%
           Step           Time
          44000      880.00000

   Energies (kJ/mol)
           Bond       G96Angle  Improper Dih.        LJ (SR)   Coulomb (SR)
    2.31722e+04    8.39013e+03    3.97687e+02   -1.25329e+06   -1.37555e+04
      Potential    Kinetic En.   Total Energy  Conserved En.    Temperature
   -1.23509e+06    1.79825e+05   -1.05526e+06   -1.32272e+06    3.01630e+02
 Pressure (bar)   Constr. rmsd
   -2.38992e-01    3.16504e-04


DD  step 44999 load imb.: force  0.2%
           Step           Time
          45000      900.00000

   Energies (kJ/mol)
           Bond       G96Angle  Improper Dih.        LJ (SR)   Coulomb (SR)
    2.25409e+04    8.50468e+03    4.04754e+02   -1.25434e+06   -1.37708e+04
      Potential    Kinetic En.   Total Energy  Conserved En.    Temperature
   -1.23666e+06    1.79385e+05   -1.05727e+06   -1.32880e+06    3.00893e+02
 Pressure (bar)   Constr. rmsd
   -4.29538e+00    3.36152e-04


DD  step 45999 load imb.: force  0.9%
           Step           Time
          46000      920.00000

   Energies (kJ/mol)
           Bond       G96Angle  Improper Dih.        LJ (SR)   Coulomb (SR)
    2.29532e+04    8.48249e+03    3.92986e+02   -1.25433e+06   -1.38443e+04
      Potential    Kinetic En.   Total Energy  Conserved En.    Temperature
   -1.23634e+06    1.80132e+05   -1.05621e+06   -1.33492e+06    3.02146e+02
 Pressure (bar)   Constr. rmsd
   -1.09292e+01    3.08372e-04


DD  step 46999 load imb.: force  0.3%
           Step           Time
          47000      940.00000

   Energies (kJ/mol)
           Bond       G96Angle  Improper Dih.        LJ (SR)   Coulomb (SR)
    2.34337e+04    8.44319e+03    3.67590e+02   -1.25418e+06   -1.39703e+04
      Potential    Kinetic En.   Total Energy  Conserved En.    Temperature
   -1.23590e+06    1.80090e+05   -1.05581e+06   -1.34112e+06    3.02075e+02
 Pressure (bar)   Constr. rmsd
    4.74691e-01    3.06522e-04


DD  step 47999 load imb.: force  0.8%
           Step           Time
          48000      960.00000

   Energies (kJ/mol)
           Bond       G96Angle  Improper Dih.        LJ (SR)   Coulomb (SR)
    2.32408e+04    8.41662e+03    4.11948e+02   -1.25531e+06   -1.39651e+04
      Potential    Kinetic En.   Total Energy  Conserved En.    Temperature
   -1.23720e+06    1.80429e+05   -1.05677e+06   -1.34733e+06    3.02643e+02
 Pressure (bar)   Constr. rmsd
    9.25604e+00    3.16160e-04


DD  step 48999 load imb.: force  0.8%
           Step           Time
          49000      980.00000

   Energies (kJ/mol)
           Bond       G96Angle  Improper Dih.        LJ (SR)   Coulomb (SR)
    2.34166e+04    8.53555e+03    3.96788e+02   -1.25254e+06   -1.40908e+04
      Potential    Kinetic En.   Total Energy  Conserved En.    Temperature
   -1.23428e+06    1.80836e+05   -1.05344e+06   -1.35341e+06    3.03326e+02
 Pressure (bar)   Constr. rmsd
   -7.87684e+00    3.18869e-04


DD  step 49999 load imb.: force  1.3%
           Step           Time
          50000     1000.00000

Writing checkpoint, step 50000 at Tue Mar  4 11:29:58 2025


   Energies (kJ/mol)
           Bond       G96Angle  Improper Dih.        LJ (SR)   Coulomb (SR)
    2.30720e+04    8.56197e+03    3.72627e+02   -1.25586e+06   -1.40329e+04
      Potential    Kinetic En.   Total Energy  Conserved En.    Temperature
   -1.23788e+06    1.78980e+05   -1.05890e+06   -1.35954e+06    3.00214e+02
 Pressure (bar)   Constr. rmsd
    1.47603e+00    3.08640e-04

	<======  ###############  ==>
	<====  A V E R A G E S  ====>
	<==  ###############  ======>

	Statistics over 50001 steps using 501 frames

   Energies (kJ/mol)
           Bond       G96Angle  Improper Dih.        LJ (SR)   Coulomb (SR)
    2.29735e+04    8.48145e+03    3.92563e+02   -1.25360e+06   -1.37317e+04
      Potential    Kinetic En.   Total Energy  Conserved En.    Temperature
   -1.23548e+06    1.80222e+05   -1.05526e+06   -1.20619e+06    3.02296e+02
 Pressure (bar)   Constr. rmsd
    8.75851e-01    0.00000e+00

          Box-X          Box-Y          Box-Z
    1.80202e+01    1.80202e+01    1.70620e+01

   Total Virial (kJ/mol)
    6.00602e+04   -7.42359e+01    7.93002e+01
   -7.42409e+01    6.01361e+04    5.53924e+01
    7.92959e+01    5.53880e+01    5.95879e+04

   Pressure (bar)
    1.51787e+00    3.15217e-01   -4.96799e-01
    3.15247e-01    1.05481e+00   -3.70233e-01
   -4.96773e-01   -3.70206e-01    5.48703e-02

      T-Bilayer      T-Solvent
    3.01535e+02    3.02613e+02


	M E G A - F L O P S   A C C O U N T I N G

 NB=Group-cutoff nonbonded kernels    NxN=N-by-N cluster Verlet kernels
 RF=Reaction-Field  VdW=Van der Waals  QSTab=quadratic-spline table
 W3=SPC/TIP3p  W4=TIP4p (single or pairs)
 V&F=Potential and force  V=Potential only  F=Force only

 Computing:                               M-Number         M-Flops  % Flops
-----------------------------------------------------------------------------
 Pair Search distance check            4222.049696       37998.447     0.2
 NxN RF Elec. + LJ [F]               611756.468032    23246745.785    97.7
 NxN RF Elec. + LJ [V&F]               6192.301376      334384.274     1.4
 Reset In Box                            99.855903         299.568     0.0
 CG-CoM                                  99.905806         299.717     0.0
 Bonds                                  586.561731       34607.142     0.1
 Angles                                 487.059741       81826.036     0.3
 Impropers                               16.250325        3380.068     0.0
 Virial                                 125.032493        2250.585     0.0
 Stop-CM                                 25.051306         250.513     0.0
 P-Coupling                             124.807403         748.844     0.0
 Calc-Ekin                              998.159806       26950.315     0.1
 Lincs                                  173.993055       10439.583     0.0
 Lincs-Mat                             4216.068132       16864.273     0.1
 Constraint-V                           347.979152        2783.833     0.0
 Constraint-Vir                           8.702695         208.865     0.0
 Virtual Site 3                          16.250325         601.262     0.0
 Virtual Site 3out                       32.500650        2827.557     0.0
-----------------------------------------------------------------------------
 Total                                                23803466.668   100.0
-----------------------------------------------------------------------------


    D O M A I N   D E C O M P O S I T I O N   S T A T I S T I C S

 av. #atoms communicated per step for force:  2 x 6929.3
 av. #atoms communicated per step for vsites: 2 x 22.5
 av. #atoms communicated per step for LINCS:  2 x 96.0


Dynamic load balancing report:
 DLB was off during the run due to low measured imbalance.
 Average load imbalance: 0.9%.
 The balanceable part of the MD step is 53%, load imbalance is computed from this.
 Part of the total run time spent waiting due to load imbalance: 0.5%.


     R E A L   C Y C L E   A N D   T I M E   A C C O U N T I N G

On 2 MPI ranks, each using 8 OpenMP threads

 Computing:          Num   Num      Call    Wall time         Giga-Cycles
                     Ranks Threads  Count      (s)         total sum    %
-----------------------------------------------------------------------------
 Domain decomp.         2    8       2001      41.829       1738.636  18.8
 DD comm. load          2    8        502       0.002          0.090   0.0
 Vsite constr.          2    8      50001       0.527         21.926   0.2
 Neighbor search        2    8       2001       1.598         66.407   0.7
 Launch GPU ops.        2    8     100002       3.232        134.351   1.4
 Comm. coord.           2    8      48000      73.960       3074.197  33.2
 Force                  2    8      50001       5.125        213.028   2.3
 Wait + Comm. F         2    8      50001       1.906         79.244   0.9
 Wait GPU NB nonloc.    2    8      50001       4.598        191.134   2.1
 Wait GPU NB local      2    8      50001       8.859        368.223   4.0
 NB X/F buffer ops.     2    8     196002       1.421         59.045   0.6
 Vsite spread           2    8      50001       1.090         45.319   0.5
 Write traj.            2    8         51       0.314         13.056   0.1
 Update                 2    8      50001       0.961         39.965   0.4
 Constraints            2    8      50003       3.120        129.670   1.4
 Comm. energies         2    8      10001       0.066          2.736   0.0
 Rest                                          74.343       3090.101  33.3
-----------------------------------------------------------------------------
 Total                                        222.952       9267.129 100.0
-----------------------------------------------------------------------------

NOTE: 19 % of the run time was spent in domain decomposition,
      1 % of the run time was spent in pair search,
      you might want to increase nstlist (this has no effect on accuracy)

               Core t (s)   Wall t (s)        (%)
       Time:     3564.194      222.952     1598.6
                 (ns/day)    (hour/ns)
Performance:      387.536        0.062
Finished mdrun on rank 0 Tue Mar  4 11:30:00 2025

